==============================================================================
POM test file :: To validate the login form                                   
==============================================================================
Validate UnSuccessful Login                                           | PASS |
------------------------------------------------------------------------------
POM test file :: To validate the login form                           | PASS |
1 test, 1 passed, 0 failed
==============================================================================
Output:  C:\Users\Prasa\PycharmProjects\CompleteTestingEndToEnd\Demo\Robot_frameworks\tests\pabot_results\1\output.xml
